com/example/pismo_challenge/Entity/Enum/AccountSituation.class
com/example/pismo_challenge/Repository/AccountRepository.class
com/example/pismo_challenge/PismoChallengeApplication.class
com/example/pismo_challenge/Service/AccountService.class
com/example/pismo_challenge/DTO/Transaction/Response/RegisterTransactionResponse$RegisterTransactionResponseBuilder.class
com/example/pismo_challenge/DTO/Client/Response/RegisterClientResponse.class
com/example/pismo_challenge/Entity/Model/Transaction$TransactionBuilder.class
com/example/pismo_challenge/DTO/Client/Response/UpdateLifeSituationResponse.class
com/example/pismo_challenge/DTO/Client/Response/UpdateLifeSituationResponse$UpdateLifeSituationResponseBuilder.class
com/example/pismo_challenge/DTO/Account/Response/CreateAccountResponse.class
com/example/pismo_challenge/Entity/Model/Transaction.class
com/example/pismo_challenge/DTO/Client/Response/RegisterClientResponse$RegisterClientResponseBuilder.class
com/example/pismo_challenge/Entity/Event/TransactionCreatedEvent.class
com/example/pismo_challenge/DTO/Client/Request/UpdateLifeSituationRequest.class
com/example/pismo_challenge/Controller/ClientController.class
com/example/pismo_challenge/DTO/Account/Response/GetAccountResponse.class
com/example/pismo_challenge/Entity/Model/Client.class
com/example/pismo_challenge/Repository/ClientRepository.class
com/example/pismo_challenge/Service/ClientService.class
com/example/pismo_challenge/Entity/Model/Account$AccountBuilder.class
com/example/pismo_challenge/DTO/Client/Request/RegisterClientRequest.class
com/example/pismo_challenge/DTO/Account/Request/CreateAccountRequest.class
com/example/pismo_challenge/Entity/Model/Account.class
com/example/pismo_challenge/Controller/AccountController.class
com/example/pismo_challenge/Service/TransactionService.class
com/example/pismo_challenge/DTO/Account/Response/GetAccountResponse$GetAccountResponseBuilder.class
com/example/pismo_challenge/Entity/Enum/OperationType.class
com/example/pismo_challenge/Entity/Event/ClientDiedEvent.class
com/example/pismo_challenge/Exception/GlobalExceptionHandler.class
com/example/pismo_challenge/Controller/TransactionController.class
com/example/pismo_challenge/Entity/Model/Client$ClientBuilder.class
com/example/pismo_challenge/DTO/Error/ErrorResponseMessage$ErrorResponseMessageBuilder.class
com/example/pismo_challenge/DTO/Error/ErrorResponseMessage.class
com/example/pismo_challenge/DTO/Transaction/Request/RegisterTransactionRequest.class
com/example/pismo_challenge/DTO/Account/Response/CreateAccountResponse$CreateAccountResponseBuilder.class
com/example/pismo_challenge/Repository/TransactionRepository.class
com/example/pismo_challenge/DTO/Transaction/Response/RegisterTransactionResponse.class
