/home/vinicius/Downloads/pismo_challenge/src/main/java/com/example/pismo_challenge/Controller/AccountController.java
/home/vinicius/Downloads/pismo_challenge/src/main/java/com/example/pismo_challenge/Controller/ClientController.java
/home/vinicius/Downloads/pismo_challenge/src/main/java/com/example/pismo_challenge/Controller/TransactionController.java
/home/vinicius/Downloads/pismo_challenge/src/main/java/com/example/pismo_challenge/DTO/Account/Request/CreateAccountRequest.java
/home/vinicius/Downloads/pismo_challenge/src/main/java/com/example/pismo_challenge/DTO/Account/Response/CreateAccountResponse.java
/home/vinicius/Downloads/pismo_challenge/src/main/java/com/example/pismo_challenge/DTO/Account/Response/GetAccountResponse.java
/home/vinicius/Downloads/pismo_challenge/src/main/java/com/example/pismo_challenge/DTO/Client/Request/RegisterClientRequest.java
/home/vinicius/Downloads/pismo_challenge/src/main/java/com/example/pismo_challenge/DTO/Client/Request/UpdateLifeSituationRequest.java
/home/vinicius/Downloads/pismo_challenge/src/main/java/com/example/pismo_challenge/DTO/Client/Response/RegisterClientResponse.java
/home/vinicius/Downloads/pismo_challenge/src/main/java/com/example/pismo_challenge/DTO/Client/Response/UpdateLifeSituationResponse.java
/home/vinicius/Downloads/pismo_challenge/src/main/java/com/example/pismo_challenge/DTO/Error/ErrorResponseMessage.java
/home/vinicius/Downloads/pismo_challenge/src/main/java/com/example/pismo_challenge/DTO/Transaction/Request/RegisterTransactionRequest.java
/home/vinicius/Downloads/pismo_challenge/src/main/java/com/example/pismo_challenge/DTO/Transaction/Response/RegisterTransactionResponse.java
/home/vinicius/Downloads/pismo_challenge/src/main/java/com/example/pismo_challenge/Entity/Enum/AccountSituation.java
/home/vinicius/Downloads/pismo_challenge/src/main/java/com/example/pismo_challenge/Entity/Enum/OperationType.java
/home/vinicius/Downloads/pismo_challenge/src/main/java/com/example/pismo_challenge/Entity/Event/ClientDiedEvent.java
/home/vinicius/Downloads/pismo_challenge/src/main/java/com/example/pismo_challenge/Entity/Event/TransactionCreatedEvent.java
/home/vinicius/Downloads/pismo_challenge/src/main/java/com/example/pismo_challenge/Entity/Model/Account.java
/home/vinicius/Downloads/pismo_challenge/src/main/java/com/example/pismo_challenge/Entity/Model/Client.java
/home/vinicius/Downloads/pismo_challenge/src/main/java/com/example/pismo_challenge/Entity/Model/Transaction.java
/home/vinicius/Downloads/pismo_challenge/src/main/java/com/example/pismo_challenge/Exception/GlobalExceptionHandler.java
/home/vinicius/Downloads/pismo_challenge/src/main/java/com/example/pismo_challenge/PismoChallengeApplication.java
/home/vinicius/Downloads/pismo_challenge/src/main/java/com/example/pismo_challenge/Repository/AccountRepository.java
/home/vinicius/Downloads/pismo_challenge/src/main/java/com/example/pismo_challenge/Repository/ClientRepository.java
/home/vinicius/Downloads/pismo_challenge/src/main/java/com/example/pismo_challenge/Repository/TransactionRepository.java
/home/vinicius/Downloads/pismo_challenge/src/main/java/com/example/pismo_challenge/Service/AccountService.java
/home/vinicius/Downloads/pismo_challenge/src/main/java/com/example/pismo_challenge/Service/ClientService.java
/home/vinicius/Downloads/pismo_challenge/src/main/java/com/example/pismo_challenge/Service/TransactionService.java
